[36mðŸ—‘ Cleaning up the default service's zombie containers.
Usage:
  cleanup <service> [flags]

Flags:
  -h, --help   help for cleanup

