Error: confirm flag must be specified to trigger purge
