Usage:
  status <service> [flags]

Flags:
  -h, --help   help for status

