[36mğŸ”¨ Deploying the default service. Hold on tight!
