[36mðŸ”¨ Deploying 'fizzler'. Hold on tight!
[32mâœ… Succesfully deployed 'fizzler'. Deployment ID is 100.
