âœ… Succesfully deployed 'boris'. Deployment ID is '200'.
