[36mğŸ—‘ Cleaning up the default service's zombie containers.
